Program
  MainClass Main (line 1)
    Print (line 3)
      Call If (line 3)
        on class:
          NewObject If (line 3)
        parameters:
          5 (line 3)

  Class If (line 7)
    fields:
    MethodDecl If (line 8)
      returns int
      params:
        int max
      variables:
        VarDecl int i (line 9)
      Assign i (line 10)
        new value:
          0 (line 10)
      If (line 11)
        condition:
          LessThan (line 11)
            i (line 11)
            max (line 11)
        body:
          Print (line 12)
            i (line 12)
        else
          Print (line 14)
            max (line 14)
      Return
        0 (line 16)