class Vars:
  super: null
  fields:
    int a;
    int b;
    int c;
    boolean f1;
    boolean f2;
  method whiles:
    params: int, int, 
    returns: boolean
    locals:
      int[] arr;
  method run:
    params: int, int, 
    returns: int
    locals:
  method run3:
    params: int, int, 
    returns: int[]
    locals:
      int[] arr;

