Method bad is not a valid override in class A
Method run is not a valid override in class A
