class Vars:
  super: null
  fields:
    int[] arr;
    int a;
    int b;
    int c;
    boolean flag;
  method run2:
    params: int, int, 
    returns: int
    locals:
  method run:
    params: int, int, 
    returns: int
    locals:
      int[] arr3;

