class Simple:
  super: null
  fields:
  method run:
    params: 
    returns: int
    locals:
