	.text
	.globl asm_main
asm_main:
	pushq %rbp
	movq %rsp,%rbp
	movq $17,%rax
	movq %rax,%rdi
	call put
	movq %rbp,%rsp
	popq %rbp
	ret