SOUT LPAREN ID(five) RPAREN SEMICOLON SOUT LPAREN ID(two) RPAREN SEMICOLON