LPAREN RPAREN LCURLY RCURLY LSQUARE RSQUARE COMMA SEMICOLON