INT ID(five) BECOMES INTEGER_LITERAL(5) <UNEXPECTED(/)> TIMES INTEGER_LITERAL(4) SEMICOLON <UNEXPECTED(_)> ID(eleven)