
Unexpected character '/' on line 1 at column 14 of input.

Unexpected character '_' on line 3 at column 1 of input.