INTEGER_LITERAL(12345678910) INTEGER_LITERAL(1) INTEGER_LITERAL(200) INTEGER_LITERAL(51) INTEGER_LITERAL(0) INTEGER_LITERAL(245) INTEGER_LITERAL(123)