CLASS ID(Keywords) LCURLY PUBLIC STATIC VOID MAIN LPAREN STRING_TYPE LSQUARE RSQUARE ID(args) RPAREN LCURLY RCURLY RCURLY