WHILE LPAREN ID(cat) LESS_THAN ID(dog) RPAREN LCURLY RCURELY