PUBLIC INT ID(a) LPAREN INT ID(b) COMMA BOOLEAN ID(c) COMMA INT LSQUARE RSQUARE ID(d) RPAREN LCURLY INT ID(e) BECOMES ID(b) PLUS ID(d) LSQUARE INTEGER_LITERAL(0) RSQUARE SEMICOLON RETURN ID(e) SEMICOLON RCURLY PUBLIC INT ID(b) LPAREN INT ID(a) RPAREN LCURLY RETURN ID(a) SEMICOLON RCURLY