PUBLIC CLASS ID(MiniJavaTest) LCURLY PUBLIC STATIC VOID MAIN LPAREN STRING_TYPE LSQUARE RSQUARE ID(args) RPAREN LCURLY INT ID(five) BECOMES INTEGER_LITERAL(5) SEMICOLON BOOLEAN ID(flag) BECOMES TRUE SEMICOLON SOUT LPAREN ID(five) RPAREN SEMICOLON RCURLY RCURLY